[2026-05-10  8:56:53.19] Library Lane Auto-Start beginning 
[2026-05-10  8:56:53.23] lane-worker started 
[2026-05-10  8:56:56.20] relay-daemon started 
[2026-05-10  8:56:59.24] heartbeat started 
[2026-05-10  8:56:59.24] Library Lane Auto-Start complete 
[2026-05-10  8:57:05.23] Starting library lane 
[2026-05-10  8:57:11.15] library lane started 
[2026-05-13 11:04:55.19] Library Lane Auto-Start beginning 
[2026-05-13 11:04:55.26] lane-worker started 
[2026-05-13 11:04:58.14] relay-daemon started 
[2026-05-13 11:05:01.31] heartbeat started 
[2026-05-13 11:05:01.31] Library Lane Auto-Start complete 
[2026-05-13 11:05:07.16] Starting library lane 
[2026-05-13 11:05:13.18] library lane started 
[2026-05-15 12:31:12.19] Library Lane Auto-Start beginning 
[2026-05-15 12:31:12.25] lane-worker started 
[2026-05-15 12:31:15.25] relay-daemon started 
[2026-05-15 12:31:18.41] heartbeat started 
[2026-05-15 12:31:18.46] Library Lane Auto-Start complete 
[2026-05-15 12:31:25.24] Starting library lane 
[2026-05-15 12:31:31.26] library lane started 
[2026-05-18  0:22:42.18] Library Lane Auto-Start beginning 
[2026-05-18  0:22:42.20] lane-worker started 
[2026-05-18  0:22:45.18] relay-daemon started 
[2026-05-18  0:22:48.24] heartbeat started 
[2026-05-18  0:22:48.28] Library Lane Auto-Start complete 
[2026-05-18  0:22:54.25] Starting library lane 
[2026-05-18  0:23:00.16] library lane started 
[2026-05-18 20:41:26.21] Library Lane Auto-Start beginning 
[2026-05-18 20:41:26.28] lane-worker started 
[2026-05-18 20:41:29.21] relay-daemon started 
[2026-05-18 20:41:32.17] heartbeat started 
[2026-05-18 20:41:32.17] Library Lane Auto-Start complete 
[2026-05-18 20:41:38.26] Starting library lane 
[2026-05-18 20:41:44.14] library lane started 
[2026-05-19 16:10:27.22] Library Lane Auto-Start beginning 
[2026-05-19 16:10:27.27] lane-worker started 
[2026-05-19 16:10:30.18] relay-daemon started 
[2026-05-19 16:10:33.14] heartbeat started 
[2026-05-19 16:10:33.18] Library Lane Auto-Start complete 
[2026-05-19 16:10:39.19] Starting library lane 
[2026-05-19 16:10:45.21] library lane started 
[2026-05-21 12:01:42.22] Library Lane Auto-Start beginning 
[2026-05-21 12:01:42.26] lane-worker started 
[2026-05-21 12:01:45.17] relay-daemon started 
[2026-05-21 12:01:48.19] heartbeat started 
[2026-05-21 12:01:48.19] Library Lane Auto-Start complete 
[2026-05-21 12:01:54.17] Starting library lane 
[2026-05-21 12:02:00.21] library lane started 
[2026-05-23 10:31:33.22] Library Lane Auto-Start beginning 
[2026-05-23 10:31:33.27] lane-worker started 
[2026-05-23 10:31:36.19] relay-daemon started 
[2026-05-23 10:31:39.21] heartbeat started 
[2026-05-23 10:31:39.22] Library Lane Auto-Start complete 
[2026-05-23 10:31:45.13] Starting library lane 
[2026-05-23 10:31:51.18] library lane started 
[2026-05-25 12:09:01.15] Library Lane Auto-Start beginning 
[2026-05-25 12:09:01.31] lane-worker started 
[2026-05-25 12:09:04.22] relay-daemon started 
[2026-05-25 12:09:07.25] heartbeat started 
[2026-05-25 12:09:07.25] Library Lane Auto-Start complete 
[2026-05-25 12:09:13.17] Starting library lane 
[2026-05-25 12:09:19.23] library lane started 
[2026-06-01  7:03:43.30] Library Lane Auto-Start beginning 
[2026-06-01  7:03:43.37] lane-worker started 
[2026-06-01  7:03:46.17] relay-daemon started 
[2026-06-01  7:03:49.16] heartbeat started 
[2026-06-01  7:03:49.17] Library Lane Auto-Start complete 
[2026-06-01  7:03:55.14] Starting library lane 
[2026-06-01  7:04:01.22] library lane started 
[2026-06-01 16:31:55.16] Library Lane Auto-Start beginning 
[2026-06-01 16:31:55.21] lane-worker started 
[2026-06-01 16:31:58.19] relay-daemon started 
[2026-06-01 16:32:01.19] heartbeat started 
[2026-06-01 16:32:01.22] Library Lane Auto-Start complete 
[2026-06-01 16:32:07.27] Starting library lane 
[2026-06-01 16:32:13.24] library lane started 
[2026-06-01 17:24:36.20] Library Lane Auto-Start beginning 
[2026-06-01 17:24:36.25] lane-worker started 
[2026-06-01 17:24:39.21] relay-daemon started 
[2026-06-01 17:24:42.30] heartbeat started 
[2026-06-01 17:24:42.36] Library Lane Auto-Start complete 
[2026-06-01 17:24:48.24] Starting library lane 
[2026-06-01 17:24:54.22] library lane started 
[2026-06-01 17:43:03.14] Library Lane Auto-Start beginning 
[2026-06-01 17:43:03.16] lane-worker started 
[2026-06-01 17:43:06.16] relay-daemon started 
[2026-06-01 17:43:09.17] heartbeat started 
[2026-06-01 17:43:09.22] Library Lane Auto-Start complete 
[2026-06-01 17:43:15.26] Starting library lane 
[2026-06-01 17:43:21.18] library lane started 
[2026-06-01 18:03:37.21] Library Lane Auto-Start beginning 
[2026-06-01 18:03:37.25] lane-worker started 
[2026-06-01 18:03:40.23] relay-daemon started 
[2026-06-01 18:03:43.25] heartbeat started 
[2026-06-01 18:03:43.25] Library Lane Auto-Start complete 
[2026-06-01 18:03:49.18] Starting library lane 
[2026-06-01 18:03:55.21] library lane started 
[2026-06-01 18:40:58.17] Library Lane Auto-Start beginning 
[2026-06-01 18:40:58.26] lane-worker started 
[2026-06-01 18:41:01.24] relay-daemon started 
[2026-06-01 18:41:04.16] heartbeat started 
[2026-06-01 18:41:04.16] Library Lane Auto-Start complete 
[2026-06-01 18:41:10.47] Starting library lane 
[2026-06-01 18:41:17.15] library lane started 
[2026-06-03  1:55:15.18] Library Lane Auto-Start beginning 
[2026-06-03  1:55:15.36] lane-worker started 
[2026-06-03  1:55:18.23] relay-daemon started 
[2026-06-03  1:55:21.14] heartbeat started 
[2026-06-03  1:55:21.14] Library Lane Auto-Start complete 
[2026-06-03  1:55:27.14] Starting library lane 
[2026-06-03  1:55:33.17] library lane started 
